// Vitest Snapshot v1, https://vitest.dev/guide/snapshot.html

exports[`visual snapshot — Select primitive (T-UI-415) > renders the Select primitive 1`] = `
<select
  class="block w-full rounded-ui-md border border-ui-border bg-ui-bg px-ui-space-3 py-ui-space-2 text-ui-text-base text-ui-fg focus-visible:outline-none focus-visible:ring-2 focus-visible:ring-ui-accent focus-visible:ring-offset-2 disabled:opacity-50 disabled:cursor-not-allowed aria-[invalid=true]:border-ui-danger"
  id="snap-select"
>
  <option
    value="ars"
  >
    ARS
  </option>
  <option
    value="usd"
  >
    USD
  </option>
  <option
    value="eur"
  >
    EUR
  </option>
</select>
`;
